\BOOKMARK [1][-]{section.1}{\376\377\230\171\166\356\151\202\217\360}{}% 1
\BOOKMARK [2][-]{subsection.1.1}{\376\377\230\171\166\356\200\314\146\157}{section.1}% 2
\BOOKMARK [2][-]{subsection.1.2}{\376\377\230\171\166\356\227\000\154\102}{section.1}% 3
\BOOKMARK [1][-]{section.2}{\376\377\123\357\210\114\140\047\122\006\147\220\142\245\124\112}{}% 4
\BOOKMARK [2][-]{subsection.2.1}{\376\377\171\076\117\032\123\357\210\114\140\047\122\006\147\220}{section.2}% 5
\BOOKMARK [2][-]{subsection.2.2}{\376\377\142\200\147\057\123\357\210\114\140\047\122\006\147\220}{section.2}% 6
\BOOKMARK [3][-]{subsubsection.2.2.1}{\376\377\000V\000L\000A\000N\377\010\206\132\142\337\134\100\127\337\177\121\377\011}{subsection.2.2}% 7
\BOOKMARK [3][-]{subsubsection.2.2.2}{\376\377\000V\000P\000N\377\010\206\132\142\337\116\023\165\050\177\121\176\334\377\011}{subsection.2.2}% 8
\BOOKMARK [3][-]{subsubsection.2.2.3}{\376\377\000R\000I\000P\000v\0002\377\010\215\357\165\061\117\341\140\157\123\117\213\256\173\054\116\214\162\110\377\011}{subsection.2.2}% 9
\BOOKMARK [3][-]{subsubsection.2.2.4}{\376\377\000A\000C\000L\377\010\213\277\225\356\143\247\122\066\122\027\210\150\377\011}{subsection.2.2}% 10
\BOOKMARK [3][-]{subsubsection.2.2.5}{\376\377\000N\000A\000T\377\010\177\121\176\334\127\060\127\100\217\154\143\142\377\011}{subsection.2.2}% 11
\BOOKMARK [3][-]{subsubsection.2.2.6}{\376\377\000D\000H\000C\000P\377\010\122\250\140\001\116\073\147\072\221\115\177\156\123\117\213\256\377\011}{subsection.2.2}% 12
\BOOKMARK [3][-]{subsubsection.2.2.7}{\376\377\000S\000T\000P\377\010\165\037\142\020\150\021\123\117\213\256\377\011}{subsection.2.2}% 13
\BOOKMARK [2][-]{subsection.2.3}{\376\377\176\317\155\116\123\357\210\114\140\047\122\006\147\220}{section.2}% 14
\BOOKMARK [1][-]{section.3}{\376\377\227\000\154\102\122\006\147\220}{}% 15
\BOOKMARK [2][-]{subsection.3.1}{\376\377\177\121\176\334\227\000\154\102}{section.3}% 16
\BOOKMARK [2][-]{subsection.3.2}{\376\377\000V\000L\000A\000N\000\040\211\304\122\022}{section.3}% 17
\BOOKMARK [2][-]{subsection.3.3}{\376\377\147\015\122\241\126\150\211\304\122\022}{section.3}% 18
\BOOKMARK [2][-]{subsection.3.4}{\376\377\000I\000P\000\040\127\060\127\100\211\304\122\022}{section.3}% 19
\BOOKMARK [2][-]{subsection.3.5}{\376\377\116\032\122\241\155\101\221\317\116\016\213\277\225\356\121\163\174\373\122\006\147\220}{section.3}% 20
\BOOKMARK [2][-]{subsection.3.6}{\376\377\127\060\127\100\133\271\221\317\116\016\123\357\142\151\134\125\140\047\122\006\147\220}{section.3}% 21
\BOOKMARK [2][-]{subsection.3.7}{\376\377\220\350\225\350\133\211\121\150\173\111\176\247\122\022\122\006}{section.3}% 22
\BOOKMARK [2][-]{subsection.3.8}{\376\377\220\073\217\221\142\323\142\121\116\016\162\151\164\006\142\323\142\121\133\371\136\224\121\163\174\373}{section.3}% 23
\BOOKMARK [2][-]{subsection.3.9}{\376\377\124\175\124\015\211\304\203\003\116\016\173\241\164\006\211\304\203\003}{section.3}% 24
\BOOKMARK [1][-]{section.4}{\376\377\177\121\176\334\176\323\147\204\213\276\213\241}{}% 25
\BOOKMARK [2][-]{subsection.4.1}{\376\377\177\121\176\334\142\323\142\121\176\323\147\204}{section.4}% 26
\BOOKMARK [3][-]{subsubsection.4.1.1}{\376\377\173\054\116\000\134\102\377\032\000I\000S\000P\000\040\116\222\200\124\134\102}{subsection.4.1}% 27
\BOOKMARK [3][-]{subsubsection.4.1.2}{\376\377\173\054\116\214\134\102\377\032\150\070\137\303\215\357\165\061\134\102}{subsection.4.1}% 28
\BOOKMARK [3][-]{subsubsection.4.1.3}{\376\377\173\054\116\011\134\102\377\032\140\073\220\350\122\006\123\321\134\102}{subsection.4.1}% 29
\BOOKMARK [3][-]{subsubsection.4.1.4}{\376\377\173\054\126\333\134\102\377\032\143\245\121\145\134\102}{subsection.4.1}% 30
\BOOKMARK [3][-]{subsubsection.4.1.5}{\376\377\173\054\116\224\134\102\377\032\122\006\145\057\147\072\147\204}{subsection.4.1}% 31
\BOOKMARK [3][-]{subsubsection.4.1.6}{\376\377\142\323\142\121\176\323\147\204\126\376}{subsection.4.1}% 32
\BOOKMARK [2][-]{subsection.4.2}{\376\377\000V\000P\000N\000\040\176\323\147\204\213\276\213\241}{section.4}% 33
\BOOKMARK [3][-]{subsubsection.4.2.1}{\376\377\172\331\160\271\122\060\172\331\160\271\000\040\000I\000P\000S\000e\000c\000\040\000V\000P\000N}{subsection.4.2}% 34
\BOOKMARK [3][-]{subsubsection.4.2.2}{\376\377\217\334\172\013\213\277\225\356\000\040\000V\000P\000N}{subsection.4.2}% 35
\BOOKMARK [2][-]{subsection.4.3}{\376\377\133\211\121\150\213\276\213\241}{section.4}% 36
\BOOKMARK [2][-]{subsection.4.4}{\376\377\215\357\165\061\213\276\213\241\155\361\123\026}{section.4}% 37
\BOOKMARK [3][-]{subsubsection.4.4.1}{\376\377\000R\000I\000P\000v\0002\000\040\116\016\227\131\140\001\215\357\165\061\133\371\153\324}{subsection.4.4}% 38
\BOOKMARK [3][-]{subsubsection.4.4.2}{\376\377\215\357\165\061\145\066\145\133\217\307\172\013}{subsection.4.4}% 39
\BOOKMARK [3][-]{subsubsection.4.4.3}{\376\377\236\330\213\244\215\357\165\061\117\040\144\255}{subsection.4.4}% 40
\BOOKMARK [2][-]{subsection.4.5}{\376\377\000V\000P\000N\000\040\133\211\121\150\147\072\122\066\155\361\123\026}{section.4}% 41
\BOOKMARK [3][-]{subsubsection.4.5.1}{\376\377\000I\000P\000S\000e\000c\000\040\135\345\117\134\226\066\153\265}{subsection.4.5}% 42
\BOOKMARK [3][-]{subsubsection.4.5.2}{\376\377\141\037\121\164\215\243\155\101\221\317\213\276\213\241}{subsection.4.5}% 43
\BOOKMARK [2][-]{subsection.4.6}{\376\377\000A\000C\000L\000\040\173\126\165\145\213\276\213\241\155\361\123\026}{section.4}% 44
\BOOKMARK [3][-]{subsubsection.4.6.1}{\376\377\211\304\122\031\230\172\136\217}{subsection.4.6}% 45
\BOOKMARK [3][-]{subsubsection.4.6.2}{\376\377\136\224\165\050\145\271\124\021}{subsection.4.6}% 46
\BOOKMARK [2][-]{subsection.4.7}{\376\377\147\015\122\241\126\150\123\072\116\016\000\040\000D\000M\000Z\000\040\213\276\213\241\213\250\213\272}{section.4}% 47
\BOOKMARK [3][-]{subsubsection.4.7.1}{\376\377\137\123\122\115\147\015\122\241\126\150\123\072\213\276\213\241}{subsection.4.7}% 48
\BOOKMARK [3][-]{subsubsection.4.7.2}{\376\377\123\357\123\107\176\247\000\040\000D\000M\000Z\000\040\145\271\150\110}{subsection.4.7}% 49
\BOOKMARK [2][-]{subsection.4.8}{\376\377\123\357\227\140\140\047\213\276\213\241}{section.4}% 50
\BOOKMARK [3][-]{subsubsection.4.8.1}{\376\377\213\276\131\007\123\357\227\140\140\047}{subsection.4.8}% 51
\BOOKMARK [3][-]{subsubsection.4.8.2}{\376\377\224\376\215\357\123\357\227\140\140\047}{subsection.4.8}% 52
\BOOKMARK [3][-]{subsubsection.4.8.3}{\376\377\123\117\213\256\123\357\227\140\140\047}{subsection.4.8}% 53
\BOOKMARK [1][-]{section.5}{\376\377\174\373\176\337\221\115\177\156\116\016\133\236\145\275}{}% 54
\BOOKMARK [2][-]{subsection.5.1}{\376\377\150\070\137\303\215\357\165\061\126\150\221\115\177\156\377\010\000C\000o\000r\000e\000-\000R\000o\000u\000t\000e\000r\377\011}{section.5}% 55
\BOOKMARK [2][-]{subsection.5.2}{\376\377\000R\000I\000P\000v\0002\000\040\122\250\140\001\215\357\165\061\221\115\177\156}{section.5}% 56
\BOOKMARK [2][-]{subsection.5.3}{\376\377\140\073\220\350\150\070\137\303\116\244\143\142\147\072\221\115\177\156\377\010\000H\000Q\000-\000C\000o\000r\000e\000-\000S\000W\377\011}{section.5}% 57
\BOOKMARK [2][-]{subsection.5.4}{\376\377\000D\000H\000C\000P\000\040\221\115\177\156}{section.5}% 58
\BOOKMARK [2][-]{subsection.5.5}{\376\377\217\271\165\114\215\357\165\061\126\150\116\016\000\040\000N\000A\000T\000\040\221\115\177\156}{section.5}% 59
\BOOKMARK [2][-]{subsection.5.6}{\376\377\000A\000C\000L\000\040\213\277\225\356\143\247\122\066\221\115\177\156}{section.5}% 60
\BOOKMARK [2][-]{subsection.5.7}{\376\377\000I\000P\000S\000e\000c\000\040\000V\000P\000N\000\040\221\115\177\156}{section.5}% 61
\BOOKMARK [3][-]{subsubsection.5.7.1}{\376\377\172\331\160\271\122\060\172\331\160\271\000\040\000V\000P\000N\000\040\221\115\177\156\377\010\000C\000o\000r\000e\000-\000R\000o\000u\000t\000e\000r\000\040\117\247\377\011}{subsection.5.7}% 62
\BOOKMARK [3][-]{subsubsection.5.7.2}{\376\377\217\334\172\013\213\277\225\356\000\040\000V\000P\000N\000\040\221\115\177\156\377\010\000I\000S\000P\000-\000R\000o\000u\000t\000e\000r\000/\000V\000P\000N\000-\000S\000e\000r\000v\000e\000r\377\011}{subsection.5.7}% 63
\BOOKMARK [2][-]{subsection.5.8}{\376\377\147\015\122\241\126\150\221\115\177\156}{section.5}% 64
\BOOKMARK [3][-]{subsubsection.5.8.1}{\376\377\000W\000E\000B\000\040\147\015\122\241\126\150\377\010\0001\0009\0002\000.\0001\0006\0008\000.\0008\0000\000.\0001\0000\377\011}{subsection.5.8}% 65
\BOOKMARK [3][-]{subsubsection.5.8.2}{\376\377\000F\000T\000P\000\040\000\046\000\040\000E\000m\000a\000i\000l\000\040\147\015\122\241\126\150\377\010\0001\0009\0002\000.\0001\0006\0008\000.\0008\0000\000.\0002\0000\000/\0003\0000\377\011}{subsection.5.8}% 66
\BOOKMARK [3][-]{subsubsection.5.8.3}{\376\377\000D\000N\000S\000\040\000\046\000\040\000D\000H\000C\000P\000\040\147\015\122\241\126\150\377\010\0001\0009\0002\000.\0001\0006\0008\000.\0008\0000\000.\0005\0000\377\011}{subsection.5.8}% 67
\BOOKMARK [2][-]{subsection.5.9}{\376\377\122\006\121\154\123\370\215\357\165\061\126\150\221\115\177\156\377\010\000B\000r\000a\000n\000c\000h\000-\000R\000o\000u\000t\000e\000r\377\011}{section.5}% 68
\BOOKMARK [2][-]{subsection.5.10}{\376\377\122\006\121\154\123\370\116\244\143\142\147\072\221\115\177\156\377\010\000B\000r\000a\000n\000c\000h\000-\000S\000W\377\011}{section.5}% 69
\BOOKMARK [2][-]{subsection.5.11}{\376\377\133\236\145\275\153\145\232\244\116\016\116\012\176\277\155\101\172\013}{section.5}% 70
\BOOKMARK [2][-]{subsection.5.12}{\376\377\221\115\177\156\131\007\116\375\116\016\162\110\147\054\173\241\164\006}{section.5}% 71
\BOOKMARK [2][-]{subsection.5.13}{\376\377\136\070\211\301\145\105\226\234\116\016\143\222\147\345\145\271\154\325}{section.5}% 72
\BOOKMARK [3][-]{subsubsection.5.13.1}{\376\377\217\336\220\032\140\047\143\222\147\345\230\172\136\217}{subsection.5.13}% 73
\BOOKMARK [2][-]{subsection.5.14}{\376\377\217\320\210\114\176\364\142\244\145\271\150\110}{section.5}% 74
\BOOKMARK [3][-]{subsubsection.5.14.1}{\376\377\145\345\136\070\135\341\150\300\121\205\133\271}{subsection.5.14}% 75
\BOOKMARK [3][-]{subsubsection.5.14.2}{\376\377\123\330\146\364\173\241\164\006}{subsection.5.14}% 76
\BOOKMARK [2][-]{subsection.5.15}{\376\377\177\121\176\334\133\211\121\150\217\320\176\364\136\372\213\256}{section.5}% 77
\BOOKMARK [1][-]{section.6}{\376\377\213\276\131\007\220\011\127\213\116\016\135\345\172\013\230\204\173\227}{}% 78
\BOOKMARK [2][-]{subsection.6.1}{\376\377\150\070\137\303\177\121\176\334\213\276\131\007\156\005\123\125}{section.6}% 79
\BOOKMARK [2][-]{subsection.6.2}{\376\377\230\204\173\227\155\113\173\227\117\235\143\156}{section.6}% 80
\BOOKMARK [3][-]{subsubsection.6.2.1}{\376\377\143\245\121\145\172\357\123\343\155\113\173\227}{subsection.6.2}% 81
\BOOKMARK [3][-]{subsubsection.6.2.2}{\376\377\150\070\137\303\136\046\133\275\155\113\173\227}{subsection.6.2}% 82
\BOOKMARK [3][-]{subsubsection.6.2.3}{\376\377\230\171\166\356\140\073\230\204\173\227}{subsection.6.2}% 83
\BOOKMARK [1][-]{section.7}{\376\377\147\204\136\372\124\214\155\113\213\325}{}% 84
\BOOKMARK [2][-]{subsection.7.1}{\376\377\121\150\134\100\142\323\142\121\126\376}{section.7}% 85
\BOOKMARK [2][-]{subsection.7.2}{\376\377\121\205\177\121\000\040\000V\000L\000A\000N\000\040\220\032\117\341\155\113\213\325}{section.7}% 86
\BOOKMARK [3][-]{subsubsection.7.2.1}{\376\377\124\014\116\000\000\040\000V\000L\000A\000N\000\040\121\205\220\032\117\341}{subsection.7.2}% 87
\BOOKMARK [3][-]{subsubsection.7.2.2}{\376\377\124\014\121\154\123\370\116\015\124\014\000\040\000V\000L\000A\000N\000\040\225\364\220\032\117\341}{subsection.7.2}% 88
\BOOKMARK [3][-]{subsubsection.7.2.3}{\376\377\116\015\124\014\121\154\123\370\225\364\220\032\117\341}{subsection.7.2}% 89
\BOOKMARK [2][-]{subsection.7.3}{\376\377\000A\000C\000L\000\040\213\277\225\356\143\247\122\066\155\113\213\325}{section.7}% 90
\BOOKMARK [2][-]{subsection.7.4}{\376\377\000D\000H\000C\000P\000\040\201\352\122\250\127\060\127\100\122\006\221\115\155\113\213\325}{section.7}% 91
\BOOKMARK [2][-]{subsection.7.5}{\376\377\116\222\200\124\177\121\213\277\225\356\155\113\213\325}{section.7}% 92
\BOOKMARK [2][-]{subsection.7.6}{\376\377\000F\000T\000P\000\040\147\015\122\241\155\113\213\325}{section.7}% 93
\BOOKMARK [2][-]{subsection.7.7}{\376\377\000E\000m\000a\000i\000l\000\040\220\256\116\366\147\015\122\241\155\113\213\325}{section.7}% 94
\BOOKMARK [2][-]{subsection.7.8}{\376\377\000V\000P\000N\000\040\122\237\200\375\155\113\213\325}{section.7}% 95
\BOOKMARK [3][-]{subsubsection.7.8.1}{\376\377\121\205\177\121\000\040\000P\000i\000n\000g\000\040\000V\000P\000N\000\040\147\015\122\241\126\150}{subsection.7.8}% 96
\BOOKMARK [3][-]{subsubsection.7.8.2}{\376\377\000V\000P\000N\000\040\217\336\143\245\136\372\172\313}{subsection.7.8}% 97
\BOOKMARK [3][-]{subsubsection.7.8.3}{\376\377\000V\000P\000N\000\040\217\336\143\245\124\016\220\032\117\341\155\113\213\325}{subsection.7.8}% 98
\BOOKMARK [2][-]{subsection.7.9}{\376\377\155\113\213\325\176\323\147\234\154\107\140\073}{section.7}% 99
\BOOKMARK [2][-]{subsection.7.10}{\376\377\213\346\176\306\232\214\145\066\155\113\213\325\145\271\150\110}{section.7}% 100
\BOOKMARK [3][-]{subsubsection.7.10.1}{\376\377\155\113\213\325\163\257\130\203}{subsection.7.10}% 101
\BOOKMARK [3][-]{subsubsection.7.10.2}{\376\377\232\214\145\066\150\007\121\306}{subsection.7.10}% 102
\BOOKMARK [2][-]{subsection.7.11}{\376\377\155\113\213\325\145\160\143\156\213\260\137\125\116\016\176\323\147\234\122\006\147\220}{section.7}% 103
\BOOKMARK [2][-]{subsection.7.12}{\376\377\140\047\200\375\116\016\133\271\221\317\232\214\213\301}{section.7}% 104
\BOOKMARK [3][-]{subsubsection.7.12.1}{\376\377\127\060\127\100\133\271\221\317}{subsection.7.12}% 105
\BOOKMARK [3][-]{subsubsection.7.12.2}{\376\377\172\357\123\343\133\271\221\317}{subsection.7.12}% 106
\BOOKMARK [3][-]{subsubsection.7.12.3}{\376\377\215\357\165\061\211\304\152\041}{subsection.7.12}% 107
\BOOKMARK [2][-]{subsection.7.13}{\376\377\133\211\121\150\232\214\213\301}{section.7}% 108
\BOOKMARK [2][-]{subsection.7.14}{\376\377\230\316\226\151\213\304\117\060}{section.7}% 109
\BOOKMARK [2][-]{subsection.7.15}{\376\377\136\224\140\045\140\142\131\015\230\204\150\110}{section.7}% 110
\BOOKMARK [3][-]{subsubsection.7.15.1}{\376\377\150\070\137\303\213\276\131\007\145\105\226\234}{subsection.7.15}% 111
\BOOKMARK [3][-]{subsubsection.7.15.2}{\376\377\121\372\123\343\213\277\225\356\145\105\226\234}{subsection.7.15}% 112
\BOOKMARK [3][-]{subsubsection.7.15.3}{\376\377\000V\000P\000N\000\040\145\105\226\234}{subsection.7.15}% 113
\BOOKMARK [2][-]{subsection.7.16}{\376\377\116\244\116\330\121\205\133\271\156\005\123\125}{section.7}% 114
\BOOKMARK [2][-]{subsection.7.17}{\376\377\000P\000a\000c\000k\000e\000t\000\040\000T\000r\000a\000c\000e\000r\000\040\116\377\167\037\166\204\134\100\226\120\140\047}{section.7}% 115
\BOOKMARK [1][-]{section.8}{\376\377\140\073\176\323\116\016\134\125\147\033}{}% 116
\BOOKMARK [2][-]{subsection.8.1}{\376\377\230\171\166\356\140\073\176\323}{section.8}% 117
\BOOKMARK [2][-]{subsection.8.2}{\376\377\145\271\150\110\162\171\202\162}{section.8}% 118
\BOOKMARK [2][-]{subsection.8.3}{\376\377\147\052\147\145\134\125\147\033}{section.8}% 119
